/c/pc/3_code/code_rust/session/session_tests/session_py/encoders_test.json
/c/pc/3_code/code_rust/session/session_tests/session_py/nurbssurface_test.json
/c/pc/3_code/code_rust/session/session_tests/session_py/session_test.json
/c/pc/3_code/code_rust/session/session_tests/session_py/tree_test.json
